From 16 Insert BI{true}
From 17 Insert CI{8}
From 18 Insert DI{-32768}
From 18 Insert DI{-5}
From 18 Insert DI{-3}
From 18 Insert DI{-2}
From 18 Insert DI{-1}
From 18 Insert DI{5}
From 18 Insert DI{1000}
From 18 Insert DI{32767}
From 19 Insert EI{-1}
From 21 Insert FI{"string"}
From 22 Insert GI{100}
From 23 Insert HI{773153186440202938}
From 25 Insert II{7}
From 26 Insert JI{(true, 10, "string")}
From 27 Insert KI{(false, 9, "text")}
From 28 Insert L0I{false,254,"else"}
From 29 Insert (true, 255, "something")
From 30 Insert MI{[true, false, true]}
From 31 Insert NI{[(true, 255, "check"), (false, 1, "fails")]}
From 32 Insert OI{[[false, false], [true, true]]}
From 33 Insert PI1{[2, 3, 254]}
From 34 Insert PI2{[3, 10000, 65534]}
From 35 Insert PI3{[3, 4294967294, 4294967295]}
From 36 Insert PI4{[2, 3]}
From 37 Insert PI5{[2, 3, 72057594037927935]}
From 38 Insert QI{{2=>"here", 3=>"there"}}
From 39 Insert RI{2}
From 40 Insert SI{C{"s"}}
From 41 Insert TI{std.None{}}
From 41 Insert TI{std.Some{10}}
From 42 Insert A{"a"}
From 42 Insert B{false}
From 42 Insert D{(false, 2, "zz")}
From 43 Insert VI{false,A{"aa"}}
From 43 Insert VI{false,D{(false, 2, "string")}}
From 43 Insert VI{true,B{false}}
From 44 Insert WI{std.None{}}
From 44 Insert WI{std.Some{B{true}}}
From 45 Insert XI{[A{"aa"}, B{false}, D{(false, 2, "string")}]}
From 46 Insert YI{[std.Some{(false, 255, "")}, std.Some{(true, 254, "!")}, std.None{}]}
From 47 Insert ZI{1234566788901239813761283}
From 48 Insert "Hello, world!"
From 48 Insert "Привіт!"
From 49 Insert false
From 49 Insert true
From 50 Insert "Ref<IString>"
From 51 Insert {A{"val2"}=>"v2"}
From 52 Insert ("ZI12", 1000000, [0, 0, 1], (16, D{(false, 2, "string")}))
From 53 Insert Generic{"ZI13",(false, 2, "string"),A{"ZI13"}}
From 54 Insert ZI14{First{"string"}}
From 54 Insert ZI14{Second{5}}
From 55 Insert ZI15{OrFirst{F{"Or_string"}}}
From 55 Insert ZI15{OrSecond{S{22}}}
From 56 Insert 0
From 56 Insert 1000
From 57 Insert ZI20{(4294967294, "YYY")}
From 58 Insert ZI21{13}
From 59 Insert A{"It's all Greek to me:  Α α, Β β, Γ γ, Δ δ, Ε ε, Ζ ζ, Η η, Θ θ, Ι ι, Κ κ, Λ λ, Μ μ, Ν ν, Ξ ξ, Ο ο, Π π, Ρ ρ, Σ σ/ς, Τ τ, Υ υ, Φ φ, Χ χ, Ψ ψ, Ω ω."}
From 60 Insert ["Foo
", "	bar"]
From 61 Insert {"key1"=>B{false}, "key2"=>A{"val2"}}
From 62 Insert std.None{}
From 62 Insert std.Some{"ZI6"}
From 63 Insert "ZI7"
From 63 Insert "♛"
From 64 Insert 100
From 65 Insert 100
From 66 Insert ZJ{5.0}
From 67 Insert ZK{5.0}
From 68 Insert module.ZI16{"zi16"}
From 69 Insert "zi17"
From 70 Insert module.ZI18{(4294967295, "ZZZ")}
From 71 Insert (4294967293, "zi19")
