Failed to parse input file: "./test/datalog_tests/error.fail.dl" (line 2, column 1):
unexpected end of input
expecting end of comment
CallStack (from HasCallStack):
  error, called at src/Language/DifferentialDatalog/Parse.hs:28:24 in differential-datalog-0.1.0.0-7gBg6t1psaUL8tYcUBDT0n:Language.DifferentialDatalog.Parse