internment_test.OInternedString:
internment_test.OInternedString{.x = "bar", .ix = "bar"}: +1
internment_test.OInternedString{.x = "bar bar", .ix = "bar bar"}: +1
internment_test.OInternedString{.x = "bar foo", .ix = "bar foo"}: +1
internment_test.OInternedString{.x = "foo", .ix = "foo"}: +1
internment_test.OInternedString{.x = "foo bar", .ix = "foo bar"}: +1
internment_test.OInternedString{.x = "foo foo", .ix = "foo foo"}: +1
