typedef R1 = bigint
typedef R3 = R3{f1: bigint, f2: bool}
typedef R6 = R6{f: bigint}
typedef R7 = R7{f1: bigint, f2: bit<16>} | R7Other{}
typedef T = T{x: bigint, y: string}
typedef X = X{b: bigint, c: R3, d: R1}
typedef Y = Y{b: bigint, e: string}
typedef Z = Z{x: bigint, y: R3}
typedef set<'A>
function __builtin_2string (x: 'X): string
ground relation R1 [R1]
ground relation R2 [(bigint, bigint)]
ground relation R3 [R3]
relation R4 [R3]
relation R5 [bigint]
relation R6 [R6]
relation R7 [R7]
relation T [T]
ground relation X [X]
ground relation Y [Y]
relation Z [Z]
R1[1].
R2[(1, 2)].
R4[x] :- R3[x].
R5[x.f1] :- R3[x].
R6(.f=x.f1) :- R3[x].
Z(.x=a.b, .y=a.c) :- X[a].
T(.x=a.b, .y=e) :- X[a], Y(.b=a.d, .e=e).
R7(.f1=1, .f2=16'd2).
R7(.f1=1, .f2=16'd3).
R7[R7Other{}].
