typedef R1 = int
typedef R3 = R3{f1: int, f2: bool}
typedef R6 = R6{f: int}
typedef set<'A>
function __builtin_2string (x: 'X): string
ground relation R1 [R1]
ground relation R2 [(int, int)]
ground relation R3 [R3]
relation R4 [R3]
relation R5 [int]
relation R6 [R6]
R1[1].
R2[(1, 2)].
R4[x] :- R3[x].
R5[x.f1] :- R3[x].
R6(.f=x.f1) :- R3[x].
