typedef Human = Human{h: person}
typedef Parent = Parent{child: person, parent: person}
extern type Set<'A>
typedef Sib = Sib{s1: person, s2: person}
extern type Vec<'A>
typedef person = string
extern function __builtin_2string (x: 'X): string
extern function hash128 (x: 'X): bit<128>
extern function hash64 (x: 'X): bit<64>
extern function hex (x: 'X): string
input relation Human [Human]
input relation Parent [Parent]
relation Sib [Sib]
Sib(.s1=x, .s2=y) :- Parent(.child=x, .parent=z), Parent(.child=y, .parent=z), (x != y).
Parent(.child="Alice", .parent="Bob").
Parent(.child="Ben", .parent="Bob").
Parent(.child="Bob", .parent="Bob").
