std_test::SortedVector:
std_test::SortedVector{.v = []}: +1
std_test::SortedVector{.v = [-100, 0, 100]}: +1
std_test::SortedVector{.v = [1, 2, 3, 4, 5]}: +1
std_test::SortedVector{.v = [5]}: +1
std_test::SortedVectorInPlace:
std_test::SortedVectorInPlace{.v = []}: +1
std_test::SortedVectorInPlace{.v = [-100, 0, 100]}: +1
std_test::SortedVectorInPlace{.v = [1, 2, 3, 4, 5]}: +1
std_test::SortedVectorInPlace{.v = [5]}: +1
std_test::SetDifference:
std_test::SetDifference{.s1 = [], .s2 = [], .diff = []}: +1
std_test::SetDifference{.s1 = [1], .s2 = [1000], .diff = [1]}: +1
std_test::SetDifference{.s1 = [1, 2, 3], .s2 = [1, 2, 3, 4, 5], .diff = []}: +1
std_test::SetDifference{.s1 = [1, 2, 3], .s2 = [2, 3, 4], .diff = [1]}: +1
std_test::SetDifference{.s1 = [1, 2, 3, 4, 5], .s2 = [1, 2, 3], .diff = [4, 5]}: +1
std_test::SetDifference{.s1 = [2, 3, 4], .s2 = [1, 2, 3], .diff = [4]}: +1
std_test::SetDifference{.s1 = [1000], .s2 = [1], .diff = [1000]}: +1
std_test::MapSizes:
std_test::MapSizes{.m = [(1, "e"), (2, "d"), (3, "c"), (4, "b"), (5, "a")], .size = 5}: +1
std_test::Pow{.descr = "$pow32(2: u64, 32)", .val = "4294967296"}
std_test::Pow{.descr = "pow32(2: u32, 32)", .val = "0"}
std_test::Default{.descr = "DefaultEnum", .val = "DEnum1"}
std_test::Default{.descr = "u32", .val = "0"}
std_test::MapDelete{.descr = "alphabet", .m = [(0, "a"), (1, "b"), (2, "c"), (3, "d"), (4, "e")], .s = std::None{}}
std_test::MapDelete{.descr = "alphabet\\4", .m = [(0, "a"), (1, "b"), (2, "c"), (3, "d")], .s = std::Some{.x = "e"}}
std_test::MapDelete{.descr = "alphabet\\4\\3", .m = [(0, "a"), (1, "b"), (2, "c")], .s = std::Some{.x = "d"}}
std_test::MapDelete{.descr = "alphabet\\4\\3\\2", .m = [(0, "a"), (1, "b")], .s = std::Some{.x = "c"}}
std_test::MapDelete{.descr = "alphabet\\4\\3\\2\\1", .m = [(0, "a")], .s = std::Some{.x = "b"}}
std_test::MapDelete{.descr = "alphabet\\4\\3\\2\\1\\0", .m = [], .s = std::Some{.x = "a"}}
