tinyset_test::Diffs:
tinyset_test::Diffs{.setid1 = "a", .setid2 = "a", .set = []}: +1
tinyset_test::Diffs{.setid1 = "a", .setid2 = "b", .set = [0, 1, 2, 3, 4, 5]}: +1
tinyset_test::Diffs{.setid1 = "a", .setid2 = "c", .set = [0, 1, 2, 3]}: +1
tinyset_test::Diffs{.setid1 = "b", .setid2 = "a", .set = [100, 200, 300, 400, 500]}: +1
tinyset_test::Diffs{.setid1 = "b", .setid2 = "b", .set = []}: +1
tinyset_test::Diffs{.setid1 = "b", .setid2 = "c", .set = [300, 400, 500]}: +1
tinyset_test::Diffs{.setid1 = "c", .setid2 = "a", .set = [100, 200]}: +1
tinyset_test::Diffs{.setid1 = "c", .setid2 = "b", .set = [4, 5]}: +1
tinyset_test::Diffs{.setid1 = "c", .setid2 = "c", .set = []}: +1
tinyset_test::Intersects:
tinyset_test::Intersects{.setid1 = "a", .setid2 = "a", .set = [0, 1, 2, 3, 4, 5]}: +1
tinyset_test::Intersects{.setid1 = "a", .setid2 = "b", .set = []}: +1
tinyset_test::Intersects{.setid1 = "a", .setid2 = "c", .set = [4, 5]}: +1
tinyset_test::Intersects{.setid1 = "b", .setid2 = "a", .set = []}: +1
tinyset_test::Intersects{.setid1 = "b", .setid2 = "b", .set = [100, 200, 300, 400, 500]}: +1
tinyset_test::Intersects{.setid1 = "b", .setid2 = "c", .set = [100, 200]}: +1
tinyset_test::Intersects{.setid1 = "c", .setid2 = "a", .set = [4, 5]}: +1
tinyset_test::Intersects{.setid1 = "c", .setid2 = "b", .set = [100, 200]}: +1
tinyset_test::Intersects{.setid1 = "c", .setid2 = "c", .set = [4, 5, 100, 200]}: +1
tinyset_test::Intersects2:
tinyset_test::Intersects2{.setid1 = "a", .setid2 = "a", .set = [0, 1, 2, 3, 4, 5]}: +1
tinyset_test::Intersects2{.setid1 = "a", .setid2 = "b", .set = []}: +1
tinyset_test::Intersects2{.setid1 = "a", .setid2 = "c", .set = [4, 5]}: +1
tinyset_test::Intersects2{.setid1 = "b", .setid2 = "a", .set = []}: +1
tinyset_test::Intersects2{.setid1 = "b", .setid2 = "b", .set = [100, 200, 300, 400, 500]}: +1
tinyset_test::Intersects2{.setid1 = "b", .setid2 = "c", .set = [100, 200]}: +1
tinyset_test::Intersects2{.setid1 = "c", .setid2 = "a", .set = [4, 5]}: +1
tinyset_test::Intersects2{.setid1 = "c", .setid2 = "b", .set = [100, 200]}: +1
tinyset_test::Intersects2{.setid1 = "c", .setid2 = "c", .set = [4, 5, 100, 200]}: +1
tinyset_test::Sets:
tinyset_test::Sets{.setid = "a", .set = [0, 1, 2, 3, 4, 5]}: +1
tinyset_test::Sets{.setid = "b", .set = [100, 200, 300, 400, 500]}: +1
tinyset_test::Sets{.setid = "c", .set = [4, 5, 100, 200]}: +1
